// Jest Snapshot v1, https://goo.gl/fbAQLP

exports[`CardContainer should display same as snapshot && if style change is intentional then snapshot must be updated 1`] = `"<div><div class=\\"card-container pa3\\" style=\\"display: flex; flex-wrap: wrap; justify-content: center;\\"><div class=\\" bg-light-green white-90 dib br3 pa2 ma3 shadow-5 grow\\"><img src=\\"https://robohash.org/1?set=set4&amp;size=250x250\\" alt=\\"card\\"><div><p>testName</p><p></p></div></div><div class=\\" tell-me tc dib br3 bg-light-green\\"><img class=\\"dib f3\\" src=\\"https://www.pinclipart.com/picdir/big/562-5622317_crystal-ball-emoji-png-emoji-crystal-ball-png.png\\" alt=\\"ball\\" style=\\"height: 200px; width: auto; padding: 15px;\\"><div class=\\"btn-container\\"><button class=\\"shadow-5\\">click me</button><button>Speak!!!</button></div><p></p></div></div></div>"`;
